// Jest Snapshot v1, https://goo.gl/fbAQLP

exports[`should format error 1`] = `
"Error: This is the message
\`\`\`
Error: This is the message
    at Object.<anonymous> (C:\\\\Users\\\\Jahed\\\\projects\\\\slack\\\\src\\\\formatError.test.ts:4:32)
    at Object.asyncFn (C:\\\\Users\\\\Jahed\\\\projects\\\\slack\\\\node_modules\\\\jest-jasmine2\\\\build\\\\jasmine_async.js:124:345)
    at e (C:\\\\Users\\\\Jahed\\\\projects\\\\slack\\\\node_modules\\\\jest-jasmine2\\\\build\\\\queue_runner.js:46:12)
    at mapper (C:\\\\Users\\\\Jahed\\\\projects\\\\slack\\\\node_modules\\\\jest-jasmine2\\\\build\\\\queue_runner.js:34:499)
    at promise.then (C:\\\\Users\\\\Jahed\\\\projects\\\\slack\\\\node_modules\\\\jest-jasmine2\\\\build\\\\queue_runner.js:74:39)
    at process._tickCallback (internal/process/next_tick.js:109:7)
\`\`\`"
`;
